
>  @0.1.0 build
> next build

  Γû▓ Next.js 14.2.16

   Creating an optimized production build ...
 Γ£ô Compiled successfully
   Skipping validation of types
   Skipping linting
   Collecting page data ...
   Generating static pages (0/4) ...
   Generating static pages (1/4) 
   Generating static pages (2/4) 
   Generating static pages (3/4) 
 Γ£ô Generating static pages (4/4)
   Finalizing page optimization ...
   Collecting build traces ...

Route (app)                              Size     First Load JS
Γöî Γùï /                                    54.6 kB         142 kB
Γöö Γùï /_not-found                          873 B            88 kB
+ First Load JS shared by all            87.2 kB
  Γö£ chunks/117-761fdcda7a7f2872.js       31.6 kB
  Γö£ chunks/fd9d1056-6d4c8929044662da.js  53.6 kB
  Γöö other shared chunks (total)          1.92 kB


Γùï  (Static)  prerendered as static content

